exports[`<TrackerList /> renders correctly 1`] = `
<div>
  <div>
    Friday, December 2nd 2016
    <div>
      Time ranges:
      <div>
        from 
        8:57 AM
         to 
        1:01 PM
      </div>
      <div>
        from 
        2:00 PM
         to 
        6:00 PM
      </div>
    </div>
    <div>
      Total time tracked: 
      8
       hours 
      4
       minutes
    </div>
  </div>
  <div>
    Saturday, December 3rd 2016
    <div>
      Time ranges:
      <div>
        from 
        10:00 AM
         to 
        1:00 PM
      </div>
      <div>
        from 
        2:00 PM
         to 
        7:00 PM
      </div>
    </div>
    <div>
      Total time tracked: 
      8
       hours 
      0
       minutes
    </div>
  </div>
</div>
`;
