exports[`<TrackForm /> renders correctly 1`] = `
<form
  onSubmit={[Function]}>
  <input
    onChange={[Function]}
    type="date"
    value="2016-12-05" />
  <button
    className="button expanded">
    Check-in
  </button>
</form>
`;
