exports[`<Main /> renders correctly 1`] = `
<div>
  <div>
    <div>
      <div
        className="top-bar">
        <div
          className="top-bar-left">
          <ul
            className="menu">
            <li
              className="menu-text">
              Timer-App
            </li>
            <li>
              <a
                onClick={[Function]}
                style={Object {}}>
                Timer
              </a>
            </li>
            <li>
              <a
                onClick={[Function]}
                style={Object {}}>
                Countdown
              </a>
            </li>
            <li>
              <a
                onClick={[Function]}
                style={Object {}}>
                Tracker
              </a>
            </li>
          </ul>
        </div>
        <div
          className="top-bar-right">
          <ul
            className="menu">
            <li
              className="menu-text">
              Created by somebody
            </li>
          </ul>
        </div>
      </div>
      <div
        className="column small-centered medium-6 large-4" />
    </div>
  </div>
</div>
`;
